// Jest Snapshot v1, https://goo.gl/fbAQLP

exports[`branches create with endpoint test 1`] = `
"id: 1
name: test_branch
created_at: 2021-01-01T00:00:00.000Z
"
`;

exports[`branches create without endpoint test 1`] = `
"id: 1
name: test_branch
created_at: 2021-01-01T00:00:00.000Z
"
`;

exports[`branches delete test 1`] = `
"id: 1
name: test_branch
created_at: 2021-01-01T00:00:00.000Z
"
`;

exports[`branches get test 1`] = `
"id: test_branch_id
name: test_branch_name
created_at: 2019-01-01T00:00:00Z
"
`;

exports[`branches list test 1`] = `
"- id: 1
  name: main
  created_at: 2021-01-01T00:00:00.000Z
"
`;

exports[`branches update test 1`] = `
"name: new_test_branch
created_at: 2021-01-01T00:00:00.000Z
"
`;
