// Jest Snapshot v1, https://goo.gl/fbAQLP

exports[`branches create by default with r/w endpoint test 1`] = `
"id: br-new-branch-123456
name: test_branch
created_at: 2021-01-01T00:00:00.000Z
"
`;

exports[`branches create with parent by lsn test 1`] = `
"id: br-new-branch-123456
name: test_branch_with_parent_lsn
parent_id: br-main-branch-123456
created_at: 2021-01-01T00:00:00.000Z
"
`;

exports[`branches create with parent by name test 1`] = `
"id: br-new-branch-123456
name: test_branch_with_parent_name
parent_id: br-main-branch-123456
created_at: 2021-01-01T00:00:00.000Z
"
`;

exports[`branches create with parent by timestamp test 1`] = `
"id: br-new-branch-123456
name: test_branch_with_parent_timestamp
parent_id: br-main-branch-123456
created_at: 2021-01-01T00:00:00.000Z
"
`;

exports[`branches create with readonly endpoint test 1`] = `
"id: br-new-branch-123456
name: test_branch
created_at: 2021-01-01T00:00:00.000Z
"
`;

exports[`branches create without endpoint test 1`] = `
"id: br-new-branch-123456
name: test_branch
created_at: 2021-01-01T00:00:00.000Z
"
`;

exports[`branches delete by id test 1`] = `
"id: br-sunny-branch-123456
name: sunny-branch
created_at: 2021-01-01T00:00:00.000Z
"
`;

exports[`branches get by id test 1`] = `
"name: test-branch-sunny
id: br-sunny-branch-123456
created_at: 2019-01-01T00:00:00Z
updated_at: 2019-01-01T00:00:00Z
"
`;

exports[`branches get by name test 1`] = `
"name: test-branch-sunny
id: br-sunny-branch-123456
created_at: 2019-01-01T00:00:00Z
updated_at: 2019-01-01T00:00:00Z
"
`;

exports[`branches list test 1`] = `
"- id: br-main-branch-123456
  name: main
  primary: true
  created_at: 2021-01-01T00:00:00.000Z
  updated_at: 2021-01-01T00:00:00.000Z
- id: br-sunny-branch-123456
  name: test_branch
  created_at: 2021-01-01T00:00:00.000Z
  updated_at: 2021-01-01T00:00:00.000Z
"
`;

exports[`branches rename test 1`] = `
"name: new_test_branch
created_at: 2021-01-01T00:00:00.000Z
"
`;
