// Jest Snapshot v1, https://goo.gl/fbAQLP

exports[`branches create 1`] = `
"[1mbranch[22m
┌────┬─────────────┬──────────────────────────┐
│ Id │ Name        │ Created At               │
├────┼─────────────┼──────────────────────────┤
│ 1  │ test_branch │ 2021-01-01T00:00:00.000Z │
└────┴─────────────┴──────────────────────────┘
"
`;

exports[`branches delete 1`] = `
"┌────┬─────────────┬──────────────────────────┐
│ Id │ Name        │ Created At               │
├────┼─────────────┼──────────────────────────┤
│ 1  │ test_branch │ 2021-01-01T00:00:00.000Z │
└────┴─────────────┴──────────────────────────┘
"
`;

exports[`branches list 1`] = `
"┌────┬──────┬──────────────────────────┐
│ Id │ Name │ Created At               │
├────┼──────┼──────────────────────────┤
│ 1  │ main │ 2021-01-01T00:00:00.000Z │
└────┴──────┴──────────────────────────┘
"
`;

exports[`branches update 1`] = `
"┌────────────────┬─────────────────┬──────────────────────────┐
│ Id             │ Name            │ Created At               │
├────────────────┼─────────────────┼──────────────────────────┤
│ test_branch_id │ new_test_branch │ 2021-01-01T00:00:00.000Z │
└────────────────┴─────────────────┴──────────────────────────┘
"
`;
