// Jest Snapshot v1, https://goo.gl/fbAQLP

exports[`databases create test 1`] = `
"name: test_database
"
`;

exports[`databases delete test 1`] = `
"name: test_db
owner_name: test_owner
"
`;

exports[`databases list test 1`] = `
"- name: db1
  owner_name: user1
- name: db2
  owner_name: user2
- name: test_db
  owner_name: test_user
"
`;
