// Jest Snapshot v1, https://goo.gl/fbAQLP

exports[`endpoints create test 1`] = `
"┌──────────────────┬──────────────────────┬────────────────┬───────────┬───────────────┐
│ Id               │ Created At           │ Branch Id      │ Type      │ Current State │
├──────────────────┼──────────────────────┼────────────────┼───────────┼───────────────┤
│ test_endpoint_id │ 2019-01-01T00:00:00Z │ test_branch_id │ read_only │               │
└──────────────────┴──────────────────────┴────────────────┴───────────┴───────────────┘
"
`;

exports[`endpoints delete test 1`] = `
"┌──────────────────┬──────────────────────┬───────────┬───────────┬───────────────┐
│ Id               │ Created At           │ Branch Id │ Type      │ Current State │
├──────────────────┼──────────────────────┼───────────┼───────────┼───────────────┤
│ test_endpoint_id │ 2019-01-01T00:00:00Z │           │ read_only │               │
└──────────────────┴──────────────────────┴───────────┴───────────┴───────────────┘
"
`;

exports[`endpoints get test 1`] = `
"┌──────────────────┬──────────────────────┬────────────────┬───────────┬───────────────┐
│ Id               │ Created At           │ Branch Id      │ Type      │ Current State │
├──────────────────┼──────────────────────┼────────────────┼───────────┼───────────────┤
│ test_endpoint_id │ 2019-01-01T00:00:00Z │ test_branch_id │ read_only │               │
└──────────────────┴──────────────────────┴────────────────┴───────────┴───────────────┘
"
`;

exports[`endpoints list test 1`] = `
"┌─────────┬──────────────────────┬───────────┬───────────┬───────────────┐
│ Id      │ Created At           │ Branch Id │ Type      │ Current State │
├─────────┼──────────────────────┼───────────┼───────────┼───────────────┤
│ ep-test │ 2019-01-01T00:00:00Z │           │ read_only │               │
└─────────┴──────────────────────┴───────────┴───────────┴───────────────┘
"
`;

exports[`endpoints list with branch filter test 1`] = `
"┌───────────┬──────────────────────┬───────────┬────────────┬───────────────┐
│ Id        │ Created At           │ Branch Id │ Type       │ Current State │
├───────────┼──────────────────────┼───────────┼────────────┼───────────────┤
│ ep-test-1 │ 2019-01-01T00:00:00Z │           │ read_only  │               │
├───────────┼──────────────────────┼───────────┼────────────┼───────────────┤
│ ep-test-2 │ 2019-01-01T00:00:00Z │           │ read_write │               │
└───────────┴──────────────────────┴───────────┴────────────┴───────────────┘
"
`;

exports[`endpoints update test 1`] = `
"┌──────────────────┬──────────────────────┬────────────────┬───────────┬───────────────┐
│ Id               │ Created At           │ Branch Id      │ Type      │ Current State │
├──────────────────┼──────────────────────┼────────────────┼───────────┼───────────────┤
│ test_endpoint_id │ 2019-01-01T00:00:00Z │ test_branch_id │ read_only │               │
└──────────────────┴──────────────────────┴────────────────┴───────────┴───────────────┘
"
`;
