// Jest Snapshot v1, https://goo.gl/fbAQLP

exports[`ip-allow Add IP allow - Error test 1`] = `
"id: test
name: test_project
IP_addresses: |-
  127.0.0.1
  192.168.10.1-192.168.10.15
  192.168.1.1
primary_branch_only: true
"
`;

exports[`ip-allow list IP allow test 1`] = `
"id: test
name: test_project
IP_addresses: 192.168.1.1
primary_branch_only: false
"
`;
