// Jest Snapshot v1, https://goo.gl/fbAQLP

exports[`projects create test 1`] = `
"┌────┬──────────────┬───────────┬──────────────────────────┐
│ Id │ Name         │ Region Id │ Created At               │
├────┼──────────────┼───────────┼──────────────────────────┤
│ 1  │ test_project │           │ 2021-01-01T00:00:00.000Z │
└────┴──────────────┴───────────┴──────────────────────────┘
"
`;

exports[`projects delete test 1`] = `
"┌──────┬──────┬───────────┬────────────┐
│ Id   │ Name │ Region Id │ Created At │
├──────┼──────┼───────────┼────────────┤
│ test │ test │           │            │
└──────┴──────┴───────────┴────────────┘
"
`;

exports[`projects get test 1`] = `
"┌──────┬──────────────┬───────────┬──────────────────────┐
│ Id   │ Name         │ Region Id │ Created At           │
├──────┼──────────────┼───────────┼──────────────────────┤
│ test │ test_project │           │ 2019-01-01T00:00:00Z │
└──────┴──────────────┴───────────┴──────────────────────┘
"
`;

exports[`projects list test 1`] = `
"┌────┬───────────┬───────────┬──────────────────────────┐
│ Id │ Name      │ Region Id │ Created At               │
├────┼───────────┼───────────┼──────────────────────────┤
│ 1  │ Project_1 │           │ 2019-01-01T00:00:00.000Z │
├────┼───────────┼───────────┼──────────────────────────┤
│ 2  │ Project_2 │           │ 2019-01-01T00:00:00.000Z │
├────┼───────────┼───────────┼──────────────────────────┤
│ 3  │ Project_3 │           │ 2019-01-01T00:00:00.000Z │
└────┴───────────┴───────────┴──────────────────────────┘
"
`;

exports[`projects update test 1`] = `
"┌────┬──────────────┬───────────┬──────────────────────┐
│ Id │ Name         │ Region Id │ Created At           │
├────┼──────────────┼───────────┼──────────────────────┤
│ 1  │ test_project │           │ 2019-01-01T00:00:00Z │
└────┴──────────────┴───────────┴──────────────────────┘
"
`;
