// Jest Snapshot v1, https://goo.gl/fbAQLP

exports[`roles create test 1`] = `
"name: test_role
created_at: 2019-01-01T00:00:00.000Z
"
`;

exports[`roles delete test 1`] = `
"name: test_role
created_at: 2016-11-16T15:39:18.000Z
"
`;

exports[`roles list test 1`] = `
"- name: test_role
  created_at: 2016-01-01T00:00:00Z
"
`;
