// Vitest Snapshot v1, https://vitest.dev/guide/snapshot.html

exports[`buckets > objects delete 1`] = `""`;

exports[`buckets > objects delete reports a helpful error when the object is missing 1`] = `""`;

exports[`buckets > objects list 1`] = `
"folders:
  - images/
  - logs/
objects:
  - key: hello.txt
    size: 12
    last_modified: 2021-01-01T00:00:00.000Z
    etag: '"abc123"'
  - key: readme.md
    size: 2048
    last_modified: 2021-02-02T00:00:00.000Z
    etag: '"def456"'
prefix: ""
next_cursor: ""
is_truncated: false
"
`;

exports[`buckets > objects list with fully implicit project/branch resolution 1`] = `
"folders:
  - images/
  - logs/
objects:
  - key: hello.txt
    size: 12
    last_modified: 2021-01-01T00:00:00.000Z
    etag: '"abc123"'
  - key: readme.md
    size: 2048
    last_modified: 2021-02-02T00:00:00.000Z
    etag: '"def456"'
prefix: ""
next_cursor: ""
is_truncated: false
"
`;

exports[`buckets > objects list with prefix and delimiter 1`] = `
"folders:
  - images/
  - logs/
objects:
  - key: hello.txt
    size: 12
    last_modified: 2021-01-01T00:00:00.000Z
    etag: '"abc123"'
  - key: readme.md
    size: 2048
    last_modified: 2021-02-02T00:00:00.000Z
    etag: '"def456"'
prefix: ""
next_cursor: ""
is_truncated: false
"
`;

exports[`buckets > objects list with table output 1`] = `
"folders
┌─────────┐
│ Name    │
├─────────┤
│ images/ │
├─────────┤
│ logs/   │
└─────────┘
objects
┌───────────┬──────┬──────────────────────────┬──────────┐
│ Key       │ Size │ Last Modified            │ Etag     │
├───────────┼──────┼──────────────────────────┼──────────┤
│ hello.txt │ 12   │ 2021-01-01T00:00:00.000Z │ "abc123" │
├───────────┼──────┼──────────────────────────┼──────────┤
│ readme.md │ 2048 │ 2021-02-02T00:00:00.000Z │ "def456" │
└───────────┴──────┴──────────────────────────┴──────────┘
"
`;
