// Vitest Snapshot v1, https://vitest.dev/guide/snapshot.html

exports[`checkout > auto-detects the project when the API key maps to a single project 1`] = `""`;

exports[`checkout > errors when no branch is given in a non-interactive context 1`] = `""`;

exports[`checkout > fails with a helpful error when the branch is not found 1`] = `""`;

exports[`checkout > fails with a telling error when no project can be resolved (non-interactive) 1`] = `""`;

exports[`checkout > heals a missing orgId by resolving it from the project 1`] = `""`;

exports[`checkout > preserves orgId/projectId already present in the .neon file 1`] = `""`;

exports[`checkout > resolves a branch by id and writes branchId to a fresh .neon 1`] = `""`;

exports[`checkout > resolves a branch by name and writes branchId to a fresh .neon 1`] = `""`;

exports[`checkout > resolves projectId from the .neon file when no flag is passed 1`] = `""`;
