// Vitest Snapshot v1, https://vitest.dev/guide/snapshot.html

exports[`databases > create 1`] = `
"name: test_database
"
`;

exports[`databases > delete 1`] = `
"name: test_db
owner_name: test_owner
"
`;

exports[`databases > list 1`] = `
"- name: db1
  owner_name: user1
- name: db2
  owner_name: user2
- name: test_db
  owner_name: test_user
"
`;
