// Vitest Snapshot v1, https://vitest.dev/guide/snapshot.html

exports[`operations > list 1`] = `
"- id: "1"
  action: suspend
  status: finished
  created_at: 2016-01-01T00:00:00Z
- id: "2"
  action: suspend
  status: finished
  created_at: 2016-01-01T00:00:00Z
- id: "3"
  action: start
  status: finished
  created_at: 2016-01-01T00:00:00Z
"
`;
